// Jest Snapshot v1, https://goo.gl/fbAQLP

exports[`renders NavBar correctly 1`] = `
<nav
  className="navbar"
>
  <a
    className="link"
    href="/"
    onClick={[Function]}
  >
    <h1>
      Math Magicians
    </h1>
  </a>
  <ul
    className="links"
  >
    <li>
      <a
        className="link"
        href="/"
        onClick={[Function]}
      >
        Home
      </a>
    </li>
    <li>
      <a
        className="link"
        href="/calculator"
        onClick={[Function]}
      >
        Calculator
      </a>
    </li>
    <li>
      <a
        className="link"
        href="/quote"
        onClick={[Function]}
      >
        Quote
      </a>
    </li>
  </ul>
</nav>
`;
