// Jest Snapshot v1, https://goo.gl/fbAQLP

exports[`renders Result correctly 1`] = `
<div
  className="result"
>
  <p />
</div>
`;
